// Jest Snapshot v1, https://goo.gl/fbAQLP

exports[`GradientButton should match stapshot 1`] = `
<button
  className="MuiButtonBase-root MuiButton-root MuiButton-text makeStyles-root-1 makeStyles-root-4"
  disabled={false}
  inclination="45deg"
  onBlur={[Function]}
  onDragLeave={[Function]}
  onFocus={[Function]}
  onKeyDown={[Function]}
  onKeyUp={[Function]}
  onMouseDown={[Function]}
  onMouseLeave={[Function]}
  onMouseUp={[Function]}
  onTouchEnd={[Function]}
  onTouchMove={[Function]}
  onTouchStart={[Function]}
  tabIndex={0}
  type="button"
>
  <span
    className="MuiButton-label"
  >
    Some Text
  </span>
</button>
`;
